[?25l[?2004h┌──────────────────────────────┐[K
│                              │[K
│            Start             │[K
│                              │[K
└──────────────────────────────┘[K
┌──────────────────────────────┐[K
│                              │[K
│           Options            │[K
│                              │[K
└──────────────────────────────┘[K
┌──────────────────────────────┐[K
│                              │[K
│             Quit             │[K
│                              │[K
└──────────────────────────────┘[K[100D