[?25l[?2004h┌──────────────────────────────┐[K
│                              │[K
│ Left                         │[K
│                              │[K
└──────────────────────────────┘[K
┌──────────────────────────────┐[K
│                              │[K
│ Aligned                      │[K
│                              │[K
└──────────────────────────────┘[K[100D