[?25l[?2004h┌──────────────────────────────┐[0K
│                              │[0K
│ Left                         │[0K
│                              │[0K
└──────────────────────────────┘[0K
┌──────────────────────────────┐[0K
│                              │[0K
│ Aligned                      │[0K
│                              │[0K
└──────────────────────────────┘[0K[100D